Archive member included to satisfy reference by file (symbol)

c:/program files (x86)/atmel/studio/7.0/toolchain/avr8/avr8-gnu-toolchain/bin/../lib/gcc/avr/5.4.0/../../../../avr/lib/avr6\libm.a(cmpsf2.o)
                              Source/Tasks/Temp_Hum.o (__eqsf2)
c:/program files (x86)/atmel/studio/7.0/toolchain/avr8/avr8-gnu-toolchain/bin/../lib/gcc/avr/5.4.0/../../../../avr/lib/avr6\libm.a(fp_cmp.o)
                              c:/program files (x86)/atmel/studio/7.0/toolchain/avr8/avr8-gnu-toolchain/bin/../lib/gcc/avr/5.4.0/../../../../avr/lib/avr6\libm.a(cmpsf2.o) (__fp_cmp)
../drivers\libIotLibrary.a(hal.o)
                              main.o (hal_create)
../drivers\libIotLibrary.a(hih8120.o)
                              Source/Tasks/Temp_Hum.o (hih8120Create)
../drivers\libIotLibrary.a(led.o)
                              ../drivers\libIotLibrary.a(hal.o) (led_create)
../drivers\libIotLibrary.a(lora_driver.o)
                              drivers/docs/example/loraWANHandler.o (lora_driver_flush_buffers)
../drivers\libIotLibrary.a(lora_driver_utils.o)
                              ../drivers\libIotLibrary.a(lora_driver.o) (decode_port_no)
../drivers\libIotLibrary.a(mega_register_access.o)
                              ../drivers\libIotLibrary.a(hal.o) (reg_read_register)
../drivers\libIotLibrary.a(mh_z19.o)
                              Source/Tasks/CO2.o (mh_z19_create)
../drivers\libIotLibrary.a(serial.o)
                              ../drivers\libIotLibrary.a(lora_driver.o) (serial_new_instance)
../drivers\libIotLibrary.a(stdio_driver.o)
                              main.o (stdioCreate)
../drivers\libIotLibrary.a(twi.o)
                              ../drivers\libIotLibrary.a(hih8120.o) (twiCreate)
../drivers\libIotLibrary.a(fifo.o)
                              ../drivers\libIotLibrary.a(serial.o) (fifo_init)
c:/program files (x86)/atmel/studio/7.0/toolchain/avr8/avr8-gnu-toolchain/bin/../lib/gcc/avr/5.4.0/../../../../avr/lib/avr6\libm.a(addsf3.o)
                              ../drivers\libIotLibrary.a(hih8120.o) (__subsf3)
c:/program files (x86)/atmel/studio/7.0/toolchain/avr8/avr8-gnu-toolchain/bin/../lib/gcc/avr/5.4.0/../../../../avr/lib/avr6\libm.a(addsf3x.o)
                              c:/program files (x86)/atmel/studio/7.0/toolchain/avr8/avr8-gnu-toolchain/bin/../lib/gcc/avr/5.4.0/../../../../avr/lib/avr6\libm.a(addsf3.o) (__addsf3x)
c:/program files (x86)/atmel/studio/7.0/toolchain/avr8/avr8-gnu-toolchain/bin/../lib/gcc/avr/5.4.0/../../../../avr/lib/avr6\libm.a(divsf3.o)
                              ../drivers\libIotLibrary.a(hih8120.o) (__divsf3)
c:/program files (x86)/atmel/studio/7.0/toolchain/avr8/avr8-gnu-toolchain/bin/../lib/gcc/avr/5.4.0/../../../../avr/lib/avr6\libm.a(divsf3x.o)
                              c:/program files (x86)/atmel/studio/7.0/toolchain/avr8/avr8-gnu-toolchain/bin/../lib/gcc/avr/5.4.0/../../../../avr/lib/avr6\libm.a(divsf3.o) (__divsf3x)
c:/program files (x86)/atmel/studio/7.0/toolchain/avr8/avr8-gnu-toolchain/bin/../lib/gcc/avr/5.4.0/../../../../avr/lib/avr6\libm.a(fixsfsi.o)
                              ../drivers\libIotLibrary.a(hih8120.o) (__fixsfsi)
c:/program files (x86)/atmel/studio/7.0/toolchain/avr8/avr8-gnu-toolchain/bin/../lib/gcc/avr/5.4.0/../../../../avr/lib/avr6\libm.a(fixunssfsi.o)
                              ../drivers\libIotLibrary.a(hih8120.o) (__fixunssfsi)
c:/program files (x86)/atmel/studio/7.0/toolchain/avr8/avr8-gnu-toolchain/bin/../lib/gcc/avr/5.4.0/../../../../avr/lib/avr6\libm.a(floatsisf.o)
                              ../drivers\libIotLibrary.a(hih8120.o) (__floatunsisf)
c:/program files (x86)/atmel/studio/7.0/toolchain/avr8/avr8-gnu-toolchain/bin/../lib/gcc/avr/5.4.0/../../../../avr/lib/avr6\libm.a(fp_inf.o)
                              c:/program files (x86)/atmel/studio/7.0/toolchain/avr8/avr8-gnu-toolchain/bin/../lib/gcc/avr/5.4.0/../../../../avr/lib/avr6\libm.a(addsf3x.o) (__fp_inf)
c:/program files (x86)/atmel/studio/7.0/toolchain/avr8/avr8-gnu-toolchain/bin/../lib/gcc/avr/5.4.0/../../../../avr/lib/avr6\libm.a(fp_nan.o)
                              c:/program files (x86)/atmel/studio/7.0/toolchain/avr8/avr8-gnu-toolchain/bin/../lib/gcc/avr/5.4.0/../../../../avr/lib/avr6\libm.a(addsf3x.o) (__fp_nan)
c:/program files (x86)/atmel/studio/7.0/toolchain/avr8/avr8-gnu-toolchain/bin/../lib/gcc/avr/5.4.0/../../../../avr/lib/avr6\libm.a(fp_pscA.o)
                              c:/program files (x86)/atmel/studio/7.0/toolchain/avr8/avr8-gnu-toolchain/bin/../lib/gcc/avr/5.4.0/../../../../avr/lib/avr6\libm.a(addsf3x.o) (__fp_pscA)
c:/program files (x86)/atmel/studio/7.0/toolchain/avr8/avr8-gnu-toolchain/bin/../lib/gcc/avr/5.4.0/../../../../avr/lib/avr6\libm.a(fp_pscB.o)
                              c:/program files (x86)/atmel/studio/7.0/toolchain/avr8/avr8-gnu-toolchain/bin/../lib/gcc/avr/5.4.0/../../../../avr/lib/avr6\libm.a(addsf3x.o) (__fp_pscB)
[...]
Memory Configuration

Name             Origin             Length             Attributes
text             0x00000000         0x00100000         xr
data             0x00800200         0x0000fe00         rw !x
eeprom           0x00810000         0x00010000         rw !x
fuse             0x00820000         0x00000003         rw !x
lock             0x00830000         0x00000400         rw !x
signature        0x00840000         0x00000400         rw !x
user_signatures  0x00850000         0x00000400         rw !x
*default*        0x00000000         0xffffffff

Linker script and memory map

Address of section .data set to 0x800200
LOAD C:/Program Files (x86)/Atmel/Studio/7.0/Packs/atmel/ATmega_DFP/1.3.300/gcc/dev/atmega2560/avr6/crtatmega2560.o
LOAD drivers/docs/example/loraWANHandler.o
LOAD Source/Tasks/CO2.o
LOAD Source/Tasks/Logging.o
LOAD Source/Tasks/Sound.o
LOAD Source/Tasks/Temp_Hum.o
LOAD FreeRTOS/FreeRTOSTraceDriver/FreeRTOSTraceDriver.o
LOAD FreeRTOS/src/croutine.o
LOAD FreeRTOS/src/event_groups.o
LOAD FreeRTOS/src/heap_4.o
LOAD FreeRTOS/src/list.o
LOAD FreeRTOS/src/port.o
LOAD FreeRTOS/src/queue.o
LOAD FreeRTOS/src/stream_buffer.o
LOAD FreeRTOS/src/tasks.o
LOAD FreeRTOS/src/timers.o
LOAD FreeRTOS/src/variantHooks.o
LOAD main.o
START GROUP
LOAD c:/program files (x86)/atmel/studio/7.0/toolchain/avr8/avr8-gnu-toolchain/bin/../lib/gcc/avr/5.4.0/../../../../avr/lib/avr6\libm.a
LOAD ../drivers\libIotLibrary.a
END GROUP
START GROUP
LOAD c:/program files (x86)/atmel/studio/7.0/toolchain/avr8/avr8-gnu-toolchain/bin/../lib/gcc/avr/5.4.0/avr6\libgcc.a
LOAD c:/program files (x86)/atmel/studio/7.0/toolchain/avr8/avr8-gnu-toolchain/bin/../lib/gcc/avr/5.4.0/../../../../avr/lib/avr6\libm.a
LOAD c:/program files (x86)/atmel/studio/7.0/toolchain/avr8/avr8-gnu-toolchain/bin/../lib/gcc/avr/5.4.0/../../../../avr/lib/avr6\libc.a
LOAD C:/Program Files (x86)/Atmel/Studio/7.0/Packs/atmel/ATmega_DFP/1.3.300/gcc/dev/atmega2560/avr6\libatmega2560.a
END GROUP
                0x00000000                __TEXT_REGION_ORIGIN__ = DEFINED (__TEXT_REGION_ORIGIN__)?__TEXT_REGION_ORIGIN__:0x0
                0x00800200                __DATA_REGION_ORIGIN__ = DEFINED (__DATA_REGION_ORIGIN__)?__DATA_REGION_ORIGIN__:0x800200
                0x00100000                __TEXT_REGION_LENGTH__ = DEFINED (__TEXT_REGION_LENGTH__)?__TEXT_REGION_LENGTH__:0x100000
                0x0000fe00                __DATA_REGION_LENGTH__ = DEFINED (__DATA_REGION_LENGTH__)?__DATA_REGION_LENGTH__:0xfe00
                0x00010000                __EEPROM_REGION_LENGTH__ = DEFINED (__EEPROM_REGION_LENGTH__)?__EEPROM_REGION_LENGTH__:0x10000
                [0x00000003]                __FUSE_REGION_LENGTH__ = DEFINED (__FUSE_REGION_LENGTH__)?__FUSE_REGION_LENGTH__:0x400
                0x00000400                __LOCK_REGION_LENGTH__ = DEFINED (__LOCK_REGION_LENGTH__)?__LOCK_REGION_LENGTH__:0x400
                0x00000400                __SIGNATURE_REGION_LENGTH__ = DEFINED (__SIGNATURE_REGION_LENGTH__)?__SIGNATURE_REGION_LENGTH__:0x400
                0x00000400                __USER_SIGNATURE_REGION_LENGTH__ = DEFINED (__USER_SIGNATURE_REGION_LENGTH__)?__USER_SIGNATURE_REGION_LENGTH__:0x400

.hash
 *(.hash)

.dynsym
 *(.dynsym)

.dynstr
 *(.dynstr)

.gnu.version
 *(.gnu.version)

.gnu.version_d
 *(.gnu.version_d)

.gnu.version_r
 *(.gnu.version_r)

.rel.init
 *(.rel.init)

.rela.init
 *(.rela.init)

.rel.text
 *(.rel.text)
 *(.rel.text.*)
 *(.rel.gnu.linkonce.t*)

.rela.text
 *(.rela.text)
 *(.rela.text.*)
 *(.rela.gnu.linkonce.t*)

.rel.fini
 *(.rel.fini)

.rela.fini
 *(.rela.fini)

.rel.rodata
 *(.rel.rodata)
 *(.rel.rodata.*)
 *(.rel.gnu.linkonce.r*)

.rela.rodata
 *(.rela.rodata)
 *(.rela.rodata.*)
 *(.rela.gnu.linkonce.r*)

.rel.data
 *(.rel.data)
 *(.rel.data.*)
 *(.rel.gnu.linkonce.d*)

.rela.data
 *(.rela.data)
 *(.rela.data.*)
 *(.rela.gnu.linkonce.d*)

.rel.ctors
 *(.rel.ctors)

.rela.ctors
 *(.rela.ctors)

.rel.dtors
 *(.rel.dtors)

.rela.dtors
 *(.rela.dtors)

.rel.got
 *(.rel.got)

.rela.got
 *(.rela.got)

.rel.bss
 *(.rel.bss)

.rela.bss
 *(.rela.bss)

.rel.plt
 *(.rel.plt)

.rela.plt
 *(.rela.plt)

.text           0x00000000     0x6146
 *(.vectors)
 .vectors       0x00000000       0xe4 C:/Program Files (x86)/Atmel/Studio/7.0/Packs/atmel/ATmega_DFP/1.3.300/gcc/dev/atmega2560/avr6/crtatmega2560.o
                0x00000000                __vector_default
                0x00000000                __vectors
 *(.vectors)
 *(.progmem.gcc*)
 .progmem.gcc_sw_table
                0x000000e4       0x14 FreeRTOS/src/timers.o
 .progmem.gcc_sw_table.__vector_39
                0x000000f8       0xa2 ../drivers\libIotLibrary.a(twi.o)
                0x0000019a                . = ALIGN (0x2)
                0x0000019a                __trampolines_start = .
 *(.trampolines)
 .trampolines   0x0000019a        0x0 linker stubs
 *(.trampolines*)
                0x0000019a                __trampolines_end = .
 *libprintf_flt.a:*(.progmem.data)
 *libc.a:*(.progmem.data)
 *(.progmem*)
                0x0000019a                . = ALIGN (0x2)
 *(.jumptables)
 *(.jumptables*)
 *(.lowtext)
 .lowtext       0x0000019a       0x6e FreeRTOS/src/tasks.o
 .lowtext       0x00000208      0x28e FreeRTOS/src/timers.o
 *(.lowtext*)
                0x00000496                __ctors_start = .
 *(.ctors)
                0x00000496                __ctors_end = .
                0x00000496                __dtors_start = .
 *(.dtors)
                0x00000496                __dtors_end = .
 SORT(*)(.ctors)
 SORT(*)(.dtors)
 *(.init0)
 .init0         0x00000496        0x0 C:/Program Files (x86)/Atmel/Studio/7.0/Packs/atmel/ATmega_DFP/1.3.300/gcc/dev/atmega2560/avr6/crtatmega2560.o
                0x00000496                __init
 *(.init0)
 *(.init1)
 *(.init1)
 *(.init2)
 .init2         0x00000496       0x10 C:/Program Files (x86)/Atmel/Studio/7.0/Packs/atmel/ATmega_DFP/1.3.300/gcc/dev/atmega2560/avr6/crtatmega2560.o
 *(.init2)
 *(.init3)
 *(.init3)
 *(.init4)
 .init4         0x000004a6       0x1a c:/program files (x86)/atmel/studio/7.0/toolchain/avr8/avr8-gnu-toolchain/bin/../lib/gcc/avr/5.4.0/avr6\libgcc.a(_copy_data.o)
                0x000004a6                __do_copy_data
 .init4         0x000004c0       0x10 c:/program files (x86)/atmel/studio/7.0/toolchain/avr8/avr8-gnu-toolchain/bin/../lib/gcc/avr/5.4.0/avr6\libgcc.a(_clear_bss.o)
                0x000004c0                __do_clear_bss
 *(.init4)
 *(.init5)
 *(.init5)
 *(.init6)
 *(.init6)
 *(.init7)
 *(.init7)
 *(.init8)
 *(.init8)
 *(.init9)
 .init9         0x000004d0        0x8 C:/Program Files (x86)/Atmel/Studio/7.0/Packs/atmel/ATmega_DFP/1.3.300/gcc/dev/atmega2560/avr6/crtatmega2560.o
 *(.init9)
 *(.text)
 .text          0x000004d8        0x2 C:/Program Files (x86)/Atmel/Studio/7.0/Packs/atmel/ATmega_DFP/1.3.300/gcc/dev/atmega2560/avr6/crtatmega2560.o
                0x000004d8                __vector_38
                0x000004d8                __vector_22
                0x000004d8                __vector_28
                0x000004d8                __vector_1
                0x000004d8                __vector_32
                0x000004d8                __vector_34
                0x000004d8                __vector_24
                0x000004d8                __vector_46
                0x000004d8                __bad_interrupt
                0x000004d8                __vector_6
                0x000004d8                __vector_31
                0x000004d8                __vector_35
                0x000004d8                __vector_3
                0x000004d8                __vector_23
                0x000004d8                __vector_30
                0x000004d8                __vector_45
                0x000004d8                __vector_11
                0x000004d8                __vector_13
                0x000004d8                __vector_17
                0x000004d8                __vector_19
                0x000004d8                __vector_56
                0x000004d8                __vector_7
                0x000004d8                __vector_49
                0x000004d8                __vector_41
                0x000004d8                __vector_43
                0x000004d8                __vector_27
                0x000004d8                __vector_5
                0x000004d8                __vector_33
                0x000004d8                __vector_47
                0x000004d8                __vector_4
                0x000004d8                __vector_44
                0x000004d8                __vector_9
                0x000004d8                __vector_2
                0x000004d8                __vector_21
                0x000004d8                __vector_15
                0x000004d8                __vector_29
                0x000004d8                __vector_40
                0x000004d8                __vector_8
                0x000004d8                __vector_48
                0x000004d8                __vector_14
                0x000004d8                __vector_53
                0x000004d8                __vector_10
                0x000004d8                __vector_50
                0x000004d8                __vector_16
                0x000004d8                __vector_18
                0x000004d8                __vector_20
                0x000004d8                __vector_42
                0x000004da                . = ALIGN (0x2)
 *(.text.*)
 .text.lora_handler_task
                0x000004da      0x260 drivers/docs/example/loraWANHandler.o
                0x000004da                lora_handler_task
 .text.lora_handler_create
                0x0000073a       0x28 drivers/docs/example/loraWANHandler.o
                0x0000073a                lora_handler_create
 .text.my_co2_call_back
                0x00000762        0xa Source/Tasks/CO2.o
                0x00000762                my_co2_call_back
 .text.createCO2
                0x0000076c       0x48 Source/Tasks/CO2.o
                0x0000076c                createCO2
 .text.CO2_task
                0x000007b4       0x8a Source/Tasks/CO2.o
                0x000007b4                CO2_task
 .text._FormattingString
                0x0000083e       0x70 Source/Tasks/Logging.o
 .text._ProtectResoucres
                0x000008ae       0x58 Source/Tasks/Logging.o
                0x000008ae                _ProtectResoucres
 .text.Logging_MeasureInt
                0x00000906       0x70 Source/Tasks/Logging.o
                0x00000906                Logging_MeasureInt
 .text.Logging_Info
                0x00000976       0x1c Source/Tasks/Logging.o
                0x00000976                Logging_Info
 .text.Logging_Error
                0x00000992       0x1c Source/Tasks/Logging.o
                0x00000992                Logging_Error
 .text.createSound
                0x000009ae        0xe Source/Tasks/Sound.o
                0x000009ae                createSound
 .text.createTempHumid
                0x000009bc       0x4a Source/Tasks/Temp_Hum.o
                0x000009bc                createTempHumid
 .text.wakeup   0x00000a06       0x40 Source/Tasks/Temp_Hum.o
                0x00000a06                wakeup
 .text.measureTempHumid
                0x00000a46       0x36 Source/Tasks/Temp_Hum.o
                0x00000a46                measureTempHumid
 .text.setDataTempHumid
                0x00000a7c       0x42 Source/Tasks/Temp_Hum.o
                0x00000a7c                setDataTempHumid
 .text.temp_humid_task
                0x00000abe       0x7a Source/Tasks/Temp_Hum.o
                0x00000abe                temp_humid_task
 .text.trace_init
                0x00000b38        0xc FreeRTOS/FreeRTOSTraceDriver/FreeRTOSTraceDriver.o
                0x00000b38                trace_init
 .text.task_switch_in
                0x00000b44       0x14 FreeRTOS/FreeRTOSTraceDriver/FreeRTOSTraceDriver.o
                0x00000b44                task_switch_in
 .text.task_switch_out
                0x00000b58        0xc FreeRTOS/FreeRTOSTraceDriver/FreeRTOSTraceDriver.o
                0x00000b58                task_switch_out
 .text.xEventGroupCreate
                0x00000b64       0x26 FreeRTOS/src/event_groups.o
                0x00000b64                xEventGroupCreate
 .text.xEventGroupWaitBits
                0x00000b8a      0x180 FreeRTOS/src/event_groups.o
                0x00000b8a                xEventGroupWaitBits
 .text.xEventGroupClearBits
                0x00000d0a       0x3a FreeRTOS/src/event_groups.o
                0x00000d0a                xEventGroupClearBits
 .text.xEventGroupSetBits
                0x00000d44      0x132 FreeRTOS/src/event_groups.o
                0x00000d44                xEventGroupSetBits
 .text.prvInsertBlockIntoFreeList
                0x00000e76       0x9a FreeRTOS/src/heap_4.o
 .text.pvPortMalloc
                0x00000f10      0x172 FreeRTOS/src/heap_4.o
                0x00000f10                pvPortMalloc
 .text.vPortFree
                0x00001082       0x62 FreeRTOS/src/heap_4.o
                0x00001082                vPortFree
 .text.vListInitialise
                0x000010e4       0x22 FreeRTOS/src/list.o
                0x000010e4                vListInitialise
 .text.vListInitialiseItem
                0x00001106        0x8 FreeRTOS/src/list.o
                0x00001106                vListInitialiseItem
 .text.vListInsertEnd
                0x0000110e       0x42 FreeRTOS/src/list.o
                0x0000110e                vListInsertEnd
 .text.vListInsert
                0x00001150       0x7a FreeRTOS/src/list.o
                0x00001150                vListInsert
 .text.uxListRemove
                0x000011ca       0x4e FreeRTOS/src/list.o
                0x000011ca                uxListRemove
 .text.pxPortInitialiseStack
                0x00001218       0xe4 FreeRTOS/src/port.o
                0x00001218                pxPortInitialiseStack
 .text.xPortStartScheduler
                0x000012fc       0x78 FreeRTOS/src/port.o
                0x000012fc                xPortStartScheduler
 .text.vPortYield
                0x00001374       0xc2 FreeRTOS/src/port.o
                0x00001374                vPortYield
 .text.vPortYieldFromTick
                0x00001436       0xca FreeRTOS/src/port.o
                0x00001436                vPortYieldFromTick
 .text.__vector_12
                0x00001500        0x4 FreeRTOS/src/port.o
                0x00001500                __vector_12
 .text.prvIsQueueEmpty
                0x00001504       0x16 FreeRTOS/src/queue.o
 .text.prvCopyDataToQueue
                0x0000151a       0xbe FreeRTOS/src/queue.o
 .text.prvCopyDataFromQueue
                0x000015d8       0x34 FreeRTOS/src/queue.o
 .text.prvUnlockQueue
                0x0000160c       0x9a FreeRTOS/src/queue.o
 .text.xQueueGenericReset
                0x000016a6       0x86 FreeRTOS/src/queue.o
                0x000016a6                xQueueGenericReset
 .text.xQueueGenericCreate
                0x0000172c       0x5c FreeRTOS/src/queue.o
                0x0000172c                xQueueGenericCreate
 .text.xQueueGenericSend
                0x00001788      0x140 FreeRTOS/src/queue.o
                0x00001788                xQueueGenericSend
 .text.xQueueCreateMutex
                0x000018c8       0x36 FreeRTOS/src/queue.o
                0x000018c8                xQueueCreateMutex
 .text.xQueueGenericSendFromISR
                0x000018fe       0x72 FreeRTOS/src/queue.o
                0x000018fe                xQueueGenericSendFromISR
 .text.xQueueReceive
                0x00001970      0x132 FreeRTOS/src/queue.o
                0x00001970                xQueueReceive
 .text.xQueueSemaphoreTake
                0x00001aa2      0x19a FreeRTOS/src/queue.o
                0x00001aa2                xQueueSemaphoreTake
 .text.vQueueWaitForMessageRestricted
                0x00001c3c       0x36 FreeRTOS/src/queue.o
                0x00001c3c                vQueueWaitForMessageRestricted
 .text.prvBytesInBuffer
                0x00001c72       0x26 FreeRTOS/src/stream_buffer.o
 .text.prvWriteBytesToBuffer
                0x00001c98       0x92 FreeRTOS/src/stream_buffer.o
 .text.prvWriteMessageToBuffer
                0x00001d2a       0x80 FreeRTOS/src/stream_buffer.o
 .text.prvReadBytesFromBuffer
                0x00001daa       0x9c FreeRTOS/src/stream_buffer.o
 .text.xStreamBufferGenericCreate
                0x00001e46       0x58 FreeRTOS/src/stream_buffer.o
                0x00001e46                xStreamBufferGenericCreate
 .text.xStreamBufferReset
                0x00001e9e       0x5a FreeRTOS/src/stream_buffer.o
                0x00001e9e                xStreamBufferReset
 .text.xStreamBufferSpacesAvailable
                0x00001ef8       0x24 FreeRTOS/src/stream_buffer.o
                0x00001ef8                xStreamBufferSpacesAvailable
 .text.xStreamBufferSend
                0x00001f1c      0x156 FreeRTOS/src/stream_buffer.o
                0x00001f1c                xStreamBufferSend
 .text.xStreamBufferSendFromISR
                0x00002072       0x86 FreeRTOS/src/stream_buffer.o
                0x00002072                xStreamBufferSendFromISR
 .text.xStreamBufferReceive
                0x000020f8      0x144 FreeRTOS/src/stream_buffer.o
                0x000020f8                xStreamBufferReceive
 .text.prvResetNextTaskUnblockTime
                0x0000223c       0x54 FreeRTOS/src/tasks.o
 .text.prvAddCurrentTaskToDelayedList
                0x00002290       0xee FreeRTOS/src/tasks.o
 .text.xTaskCreate
                0x0000237e      0x23e FreeRTOS/src/tasks.o
                0x0000237e                xTaskCreate
 .text.vTaskStartScheduler
                0x000025bc       0x78 FreeRTOS/src/tasks.o
                0x000025bc                vTaskStartScheduler
 .text.vTaskSuspendAll
                0x00002634        0xc FreeRTOS/src/tasks.o
                0x00002634                vTaskSuspendAll
 .text.xTaskGetTickCount
                0x00002640       0x1c FreeRTOS/src/tasks.o
                0x00002640                xTaskGetTickCount
 .text.xTaskIncrementTick
                0x0000265c      0x1aa FreeRTOS/src/tasks.o
                0x0000265c                xTaskIncrementTick
 .text.xTaskResumeAll
                0x00002806       0xf8 FreeRTOS/src/tasks.o
                0x00002806                xTaskResumeAll
 .text.vTaskDelayUntil
                0x000028fe       0xbc FreeRTOS/src/tasks.o
                0x000028fe                vTaskDelayUntil
 .text.vTaskDelay
                0x000029ba       0x32 FreeRTOS/src/tasks.o
                0x000029ba                vTaskDelay
 .text.vTaskSetApplicationTaskTag
                0x000029ec       0x1e FreeRTOS/src/tasks.o
                0x000029ec                vTaskSetApplicationTaskTag
 .text.vTaskSwitchContext
                0x00002a0a       0xfe FreeRTOS/src/tasks.o
                0x00002a0a                vTaskSwitchContext
 .text.vTaskPlaceOnEventList
                0x00002b08       0x2e FreeRTOS/src/tasks.o
                0x00002b08                vTaskPlaceOnEventList
 .text.vTaskPlaceOnUnorderedEventList
                0x00002b36       0x48 FreeRTOS/src/tasks.o
                0x00002b36                vTaskPlaceOnUnorderedEventList
 .text.vTaskPlaceOnEventListRestricted
                0x00002b7e       0x40 FreeRTOS/src/tasks.o
                0x00002b7e                vTaskPlaceOnEventListRestricted
 .text.xTaskRemoveFromEventList
                0x00002bbe       0x84 FreeRTOS/src/tasks.o
                0x00002bbe                xTaskRemoveFromEventList
 .text.vTaskRemoveFromUnorderedEventList
                0x00002c42       0x68 FreeRTOS/src/tasks.o
                0x00002c42                vTaskRemoveFromUnorderedEventList
 .text.vTaskSetTimeOutState
                0x00002caa       0x2c FreeRTOS/src/tasks.o
                0x00002caa                vTaskSetTimeOutState
 .text.vTaskInternalSetTimeOutState
                0x00002cd6       0x22 FreeRTOS/src/tasks.o
                0x00002cd6                vTaskInternalSetTimeOutState
 .text.xTaskCheckForTimeOut
                0x00002cf8       0xaa FreeRTOS/src/tasks.o
                0x00002cf8                xTaskCheckForTimeOut
 .text.vTaskMissedYield
                0x00002da2        0x8 FreeRTOS/src/tasks.o
                0x00002da2                vTaskMissedYield
 .text.xTaskGetCurrentTaskHandle
                0x00002daa        0xa FreeRTOS/src/tasks.o
                0x00002daa                xTaskGetCurrentTaskHandle
 .text.xTaskGetSchedulerState
                0x00002db4       0x1c FreeRTOS/src/tasks.o
                0x00002db4                xTaskGetSchedulerState
 .text.xTaskPriorityInherit
                0x00002dd0       0xdc FreeRTOS/src/tasks.o
                0x00002dd0                xTaskPriorityInherit
 .text.xTaskPriorityDisinherit
                0x00002eac       0x80 FreeRTOS/src/tasks.o
                0x00002eac                xTaskPriorityDisinherit
 .text.vTaskPriorityDisinheritAfterTimeout
                0x00002f2c       0x98 FreeRTOS/src/tasks.o
                0x00002f2c                vTaskPriorityDisinheritAfterTimeout
 .text.uxTaskResetEventItemValue
                0x00002fc4       0x50 FreeRTOS/src/tasks.o
                0x00002fc4                uxTaskResetEventItemValue
 .text.pvTaskIncrementMutexHeldCount
                0x00003014       0x24 FreeRTOS/src/tasks.o
                0x00003014                pvTaskIncrementMutexHeldCount
 .text.xTaskNotifyWait
                0x00003038      0x114 FreeRTOS/src/tasks.o
                0x00003038                xTaskNotifyWait
 .text.xTaskGenericNotify
                0x0000314c       0xf0 FreeRTOS/src/tasks.o
                0x0000314c                xTaskGenericNotify
 .text.xTaskGenericNotifyFromISR
                0x0000323c      0x112 FreeRTOS/src/tasks.o
                0x0000323c                xTaskGenericNotifyFromISR
 .text.xTaskNotifyStateClear
                0x0000334e       0x28 FreeRTOS/src/tasks.o
                0x0000334e                xTaskNotifyStateClear
 .text.prvInsertTimerInActiveList
                0x00003376       0x92 FreeRTOS/src/timers.o
 .text.prvCheckForValidListAndQueue
                0x00003408       0x52 FreeRTOS/src/timers.o
 .text.xTimerCreateTimerTask
                0x0000345a       0x42 FreeRTOS/src/timers.o
                0x0000345a                xTimerCreateTimerTask
 .text.xTimerGenericCommand
                0x0000349c       0xbc FreeRTOS/src/timers.o
                0x0000349c                xTimerGenericCommand
 .text.prvSampleTimeNow
                0x00003558      0x12c FreeRTOS/src/timers.o
 .text.vApplicationIdleHook
                0x00003684        0x2 FreeRTOS/src/variantHooks.o
                0x00003684                vApplicationIdleHook
 .text.vApplicationMallocFailedHook
                0x00003686       0x1a FreeRTOS/src/variantHooks.o
                0x00003686                vApplicationMallocFailedHook
 .text.vApplicationStackOverflowHook
                0x000036a0       0x1a FreeRTOS/src/variantHooks.o
                0x000036a0                vApplicationStackOverflowHook
 .text.task1    0x000036ba       0x3a main.o
                0x000036ba                task1
 .text.task2    0x000036f4       0x38 main.o
                0x000036f4                task2
 .text.create_tasks_and_semaphores
                0x0000372c      0x10e main.o
                0x0000372c                create_tasks_and_semaphores
 .text.initialiseSystem
                0x0000383a       0x3e main.o
                0x0000383a                initialiseSystem
 .text.main     0x00003878       0x10 main.o
                0x00003878                main
 .text.hal_create
                0x00003888       0x64 ../drivers\libIotLibrary.a(hal.o)
                0x00003888                hal_create
 .text._hihTwiCallback
                0x000038ec       0x5a ../drivers\libIotLibrary.a(hih8120.o)
 .text.hih8120Create
                0x00003946       0x30 ../drivers\libIotLibrary.a(hih8120.o)
                0x00003946                hih8120Create
 .text.hih8120IsReady
                0x00003976        0x6 ../drivers\libIotLibrary.a(hih8120.o)
                0x00003976                hih8120IsReady
 .text.hih8120Wakeup
                0x0000397c       0x2a ../drivers\libIotLibrary.a(hih8120.o)
                0x0000397c                hih8120Wakeup
 .text.hih8120Meassure
                0x000039a6       0x22 ../drivers\libIotLibrary.a(hih8120.o)
                0x000039a6                hih8120Meassure
 .text.hih8120GetHumidity
                0x000039c8       0x2a ../drivers\libIotLibrary.a(hih8120.o)
                0x000039c8                hih8120GetHumidity
 .text.hih8120GetTemperature
                0x000039f2       0x36 ../drivers\libIotLibrary.a(hih8120.o)
                0x000039f2                hih8120GetTemperature
 .text._turn_off
                0x00003a28       0x5c ../drivers\libIotLibrary.a(led.o)
 .text._turn_on
                0x00003a84       0x5c ../drivers\libIotLibrary.a(led.o)
 .text._hal_led_task
                0x00003ae0       0x84 ../drivers\libIotLibrary.a(led.o)
 .text.led_create
                0x00003b64      0x10a ../drivers\libIotLibrary.a(led.o)
                0x00003b64                led_create
 .text.led_slow_blink
                0x00003c6e       0x4e ../drivers\libIotLibrary.a(led.o)
                0x00003c6e                led_slow_blink
 .text.led_fast_blink
                0x00003cbc       0x4e ../drivers\libIotLibrary.a(led.o)
                0x00003cbc                led_fast_blink
 .text.led_led_on
                0x00003d0a       0x1e ../drivers\libIotLibrary.a(led.o)
                0x00003d0a                led_led_on
 .text.led_led_off
                0x00003d28       0x1e ../drivers\libIotLibrary.a(led.o)
                0x00003d28                led_led_off
 .text.led_long_puls
                0x00003d46       0x24 ../drivers\libIotLibrary.a(led.o)
                0x00003d46                led_long_puls
 .text.led_short_puls
                0x00003d6a       0x24 ../drivers\libIotLibrary.a(led.o)
                0x00003d6a                led_short_puls
 .text._serial_call_back
                0x00003d8e       0x8c ../drivers\libIotLibrary.a(lora_driver.o)
 .text._upload_message
                0x00003e1a       0xb4 ../drivers\libIotLibrary.a(lora_driver.o)
 .text._reply2return_code
                0x00003ece       0xea ../drivers\libIotLibrary.a(lora_driver.o)
 .text._upload_message_rc
                0x00003fb8        0x6 ../drivers\libIotLibrary.a(lora_driver.o)
 .text.lora_driver_flush_buffers
                0x00003fbe        0xe ../drivers\libIotLibrary.a(lora_driver.o)
                0x00003fbe                lora_driver_flush_buffers
 .text.lora_driver_create
                0x00003fcc       0x86 ../drivers\libIotLibrary.a(lora_driver.o)
                0x00003fcc                lora_driver_create
 .text.lora_driver_reset_rn2483
                0x00004052       0x28 ../drivers\libIotLibrary.a(lora_driver.o)
                0x00004052                lora_driver_reset_rn2483
 .text.lora_driver_rn2483_factory_reset
                0x0000407a       0x24 ../drivers\libIotLibrary.a(lora_driver.o)
                0x0000407a                lora_driver_rn2483_factory_reset
 .text.lora_driver_get_rn2483_hweui
                0x0000409e       0x38 ../drivers\libIotLibrary.a(lora_driver.o)
                0x0000409e                lora_driver_get_rn2483_hweui
 .text.lora_driver_set_device_identifier
                0x000040d6       0x22 ../drivers\libIotLibrary.a(lora_driver.o)
                0x000040d6                lora_driver_set_device_identifier
 .text.lora_driver_set_application_identifier
                0x000040f8       0x22 ../drivers\libIotLibrary.a(lora_driver.o)
                0x000040f8                lora_driver_set_application_identifier
 .text.lora_driver_set_application_key
                0x0000411a       0x22 ../drivers\libIotLibrary.a(lora_driver.o)
                0x0000411a                lora_driver_set_application_key
 .text.lora_driver_save_mac
                0x0000413c        0xc ../drivers\libIotLibrary.a(lora_driver.o)
                0x0000413c                lora_driver_save_mac
 .text.lora_driver_join
                0x00004148       0x52 ../drivers\libIotLibrary.a(lora_driver.o)
                0x00004148                lora_driver_join
 .text.lora_driver_sent_upload_message
                0x0000419a      0x196 ../drivers\libIotLibrary.a(lora_driver.o)
                0x0000419a                lora_driver_sent_upload_message
 .text.lora_driver_set_adaptive_data_rate
                0x00004330       0x16 ../drivers\libIotLibrary.a(lora_driver.o)
                0x00004330                lora_driver_set_adaptive_data_rate
 .text.lora_driver_set_receive_delay
                0x00004346       0x30 ../drivers\libIotLibrary.a(lora_driver.o)
                0x00004346                lora_driver_set_receive_delay
 .text.lora_driver_configure_to_eu868
                0x00004376      0x1bc ../drivers\libIotLibrary.a(lora_driver.o)
                0x00004376                lora_driver_configure_to_eu868
 .text.lora_driver_set_otaa_identity
                0x00004532       0x42 ../drivers\libIotLibrary.a(lora_driver.o)
                0x00004532                lora_driver_set_otaa_identity
 .text.lora_driver_map_return_code_to_text
                0x00004574       0x18 ../drivers\libIotLibrary.a(lora_driver.o)
                0x00004574                lora_driver_map_return_code_to_text
 .text.decode_port_no
                0x0000458c       0x58 ../drivers\libIotLibrary.a(lora_driver_utils.o)
                0x0000458c                decode_port_no
 .text.decode_hexadecimal_string_bytes
                0x000045e4       0x92 ../drivers\libIotLibrary.a(lora_driver_utils.o)
                0x000045e4                decode_hexadecimal_string_bytes
 .text.reg_read_register
                0x00004676        0x6 ../drivers\libIotLibrary.a(mega_register_access.o)
                0x00004676                reg_read_register
 .text.reg_read_bit
                0x0000467c       0x16 ../drivers\libIotLibrary.a(mega_register_access.o)
                0x0000467c                reg_read_bit
 .text.reg_read_bits
                0x00004692        0x8 ../drivers\libIotLibrary.a(mega_register_access.o)
                0x00004692                reg_read_bits
 .text.reg_set_register
                0x0000469a        0x6 ../drivers\libIotLibrary.a(mega_register_access.o)
                0x0000469a                reg_set_register
 .text.reg_clear_register
                0x000046a0        0x6 ../drivers\libIotLibrary.a(mega_register_access.o)
                0x000046a0                reg_clear_register
 .text.reg_set_bit
                0x000046a6       0x18 ../drivers\libIotLibrary.a(mega_register_access.o)
                0x000046a6                reg_set_bit
 .text.reg_set_bits
                0x000046be        0xa ../drivers\libIotLibrary.a(mega_register_access.o)
                0x000046be                reg_set_bits
 .text.reg_toggle_bit
                0x000046c8       0x18 ../drivers\libIotLibrary.a(mega_register_access.o)
                0x000046c8                reg_toggle_bit
 .text.reg_toggle_bits
                0x000046e0        0xa ../drivers\libIotLibrary.a(mega_register_access.o)
                0x000046e0                reg_toggle_bits
 .text.reg_clear_bit
                0x000046ea       0x1a ../drivers\libIotLibrary.a(mega_register_access.o)
                0x000046ea                reg_clear_bit
 .text.reg_clear_bits
                0x00004704        0xc ../drivers\libIotLibrary.a(mega_register_access.o)
                0x00004704                reg_clear_bits
 .text._serial_call_back
                0x00004710       0xb6 ../drivers\libIotLibrary.a(mh_z19.o)
 .text.mh_z19_create
                0x000047c6       0x5c ../drivers\libIotLibrary.a(mh_z19.o)
                0x000047c6                mh_z19_create
 .text.mh_z19_take_meassuring
                0x00004822       0x5e ../drivers\libIotLibrary.a(mh_z19.o)
                0x00004822                mh_z19_take_meassuring
 .text.mh_z19_get_co2_ppm
                0x00004880       0x22 ../drivers\libIotLibrary.a(mh_z19.o)
                0x00004880                mh_z19_get_co2_ppm
 .text.serial_new_instance
                0x000048a2      0x12c ../drivers\libIotLibrary.a(serial.o)
                0x000048a2                serial_new_instance
 .text.serial_send_byte
                0x000049ce       0x4a ../drivers\libIotLibrary.a(serial.o)
                0x000049ce                serial_send_byte
 .text.serial_send_bytes
                0x00004a18       0xa0 ../drivers\libIotLibrary.a(serial.o)
                0x00004a18                serial_send_bytes
 .text.serial_get_byte
                0x00004ab8       0x38 ../drivers\libIotLibrary.a(serial.o)
                0x00004ab8                serial_get_byte
 .text.__vector_25
                0x00004af0       0xa4 ../drivers\libIotLibrary.a(serial.o)
                0x00004af0                __vector_25
 .text.__vector_26
                0x00004b94       0x88 ../drivers\libIotLibrary.a(serial.o)
                0x00004b94                __vector_26
 .text.__vector_36
                0x00004c1c       0xa4 ../drivers\libIotLibrary.a(serial.o)
                0x00004c1c                __vector_36
 .text.__vector_37
                0x00004cc0       0x88 ../drivers\libIotLibrary.a(serial.o)
                0x00004cc0                __vector_37
 .text.__vector_51
                0x00004d48       0xa4 ../drivers\libIotLibrary.a(serial.o)
                0x00004d48                __vector_51
 .text.__vector_52
                0x00004dec       0x88 ../drivers\libIotLibrary.a(serial.o)
                0x00004dec                __vector_52
 .text.__vector_54
                0x00004e74       0xa4 ../drivers\libIotLibrary.a(serial.o)
                0x00004e74                __vector_54
 .text.__vector_55
                0x00004f18       0x88 ../drivers\libIotLibrary.a(serial.o)
                0x00004f18                __vector_55
 .text.usart_getchar
                0x00004fa0       0x2a ../drivers\libIotLibrary.a(stdio_driver.o)
 .text.usart_putchar
                0x00004fca       0x12 ../drivers\libIotLibrary.a(stdio_driver.o)
 .text.stdioCreate
                0x00004fdc       0x52 ../drivers\libIotLibrary.a(stdio_driver.o)
                0x00004fdc                stdioCreate
 .text._initTwiInterface
                0x0000502e       0x22 ../drivers\libIotLibrary.a(twi.o)
 .text.twiCreate
                0x00005050       0x9a ../drivers\libIotLibrary.a(twi.o)
                0x00005050                twiCreate
 .text.twiIsBusy
                0x000050ea        0x8 ../drivers\libIotLibrary.a(twi.o)
                0x000050ea                twiIsBusy
 .text.twiTransmit
                0x000050f2       0x98 ../drivers\libIotLibrary.a(twi.o)
                0x000050f2                twiTransmit
 .text.twiReceive
                0x0000518a       0x66 ../drivers\libIotLibrary.a(twi.o)
                0x0000518a                twiReceive
 .text.__vector_39
                0x000051f0      0x17a ../drivers\libIotLibrary.a(twi.o)
                0x000051f0                __vector_39
 .text.fifo_init
                0x0000536a       0x38 ../drivers\libIotLibrary.a(fifo.o)
                0x0000536a                fifo_init
 .text.avr-libc.fplib
                0x000053a2        0xa c:/program files (x86)/atmel/studio/7.0/toolchain/avr8/avr8-gnu-toolchain/bin/../lib/gcc/avr/5.4.0/../../../../avr/lib/avr6\libm.a(addsf3.o)
                0x000053a2                __subsf3
                0x000053a4                __addsf3
 .text.avr-libc.fplib
                0x000053ac       0xc0 c:/program files (x86)/atmel/studio/7.0/toolchain/avr8/avr8-gnu-toolchain/bin/../lib/gcc/avr/5.4.0/../../../../avr/lib/avr6\libm.a(addsf3x.o)
                0x000053c6                __addsf3x
 .text.avr-libc.fplib
                0x0000546c        0x4 c:/program files (x86)/atmel/studio/7.0/toolchain/avr8/avr8-gnu-toolchain/bin/../lib/gcc/avr/5.4.0/../../../../avr/lib/avr6\libm.a(divsf3.o)
                0x0000546c                __divsf3
 .text.avr-libc.fplib
                0x00005470       0xcc c:/program files (x86)/atmel/studio/7.0/toolchain/avr8/avr8-gnu-toolchain/bin/../lib/gcc/avr/5.4.0/../../../../avr/lib/avr6\libm.a(divsf3x.o)
                0x00005486                __divsf3x
                0x0000548a                __divsf3_pse
 .text.avr-libc.fplib
                0x0000553c       0x58 c:/program files (x86)/atmel/studio/7.0/toolchain/avr8/avr8-gnu-toolchain/bin/../lib/gcc/avr/5.4.0/../../../../avr/lib/avr6\libm.a(fixunssfsi.o)
                0x0000553c                __fixunssfsi
 .text.avr-libc.fplib
                0x00005594       0x7a c:/program files (x86)/atmel/studio/7.0/toolchain/avr8/avr8-gnu-toolchain/bin/../lib/gcc/avr/5.4.0/../../../../avr/lib/avr6\libm.a(floatsisf.o)
                0x00005594                __floatunsisf
                0x00005598                __floatsisf
 .text.avr-libc.fplib
                0x0000560e        0xc c:/program files (x86)/atmel/studio/7.0/toolchain/avr8/avr8-gnu-toolchain/bin/../lib/gcc/avr/5.4.0/../../../../avr/lib/avr6\libm.a(fp_inf.o)
                0x0000560e                __fp_inf
 .text.avr-libc.fplib
                0x0000561a        0x6 c:/program files (x86)/atmel/studio/7.0/toolchain/avr8/avr8-gnu-toolchain/bin/../lib/gcc/avr/5.4.0/../../../../avr/lib/avr6\libm.a(fp_nan.o)
                0x0000561a                __fp_nan
 .text.avr-libc.fplib
                0x00005620        0xe c:/program files (x86)/atmel/studio/7.0/toolchain/avr8/avr8-gnu-toolchain/bin/../lib/gcc/avr/5.4.0/../../../../avr/lib/avr6\libm.a(fp_pscA.o)
                0x00005620                __fp_pscA
 .text.avr-libc.fplib
                0x0000562e        0xe c:/program files (x86)/atmel/studio/7.0/toolchain/avr8/avr8-gnu-toolchain/bin/../lib/gcc/avr/5.4.0/../../../../avr/lib/avr6\libm.a(fp_pscB.o)
                0x0000562e                __fp_pscB
 .text.avr-libc.fplib
                0x0000563c       0x22 c:/program files (x86)/atmel/studio/7.0/toolchain/avr8/avr8-gnu-toolchain/bin/../lib/gcc/avr/5.4.0/../../../../avr/lib/avr6\libm.a(fp_round.o)
                0x0000563c                __fp_round
 .text.avr-libc.fplib
                0x0000565e       0x44 c:/program files (x86)/atmel/studio/7.0/toolchain/avr8/avr8-gnu-toolchain/bin/../lib/gcc/avr/5.4.0/../../../../avr/lib/avr6\libm.a(fp_split3.o)
                0x0000565e                __fp_split3
                0x0000566e                __fp_splitA
 .text.avr-libc.fplib
                0x000056a2        0xe c:/program files (x86)/atmel/studio/7.0/toolchain/avr8/avr8-gnu-toolchain/bin/../lib/gcc/avr/5.4.0/../../../../avr/lib/avr6\libm.a(fp_zero.o)
                0x000056a2                __fp_zero
                0x000056a4                __fp_szero
 .text.avr-libc.fplib
                0x000056b0        0x4 c:/program files (x86)/atmel/studio/7.0/toolchain/avr8/avr8-gnu-toolchain/bin/../lib/gcc/avr/5.4.0/../../../../avr/lib/avr6\libm.a(mulsf3.o)
                0x000056b0                __mulsf3
 .text.avr-libc.fplib
                0x000056b4       0xc2 c:/program files (x86)/atmel/studio/7.0/toolchain/avr8/avr8-gnu-toolchain/bin/../lib/gcc/avr/5.4.0/../../../../avr/lib/avr6\libm.a(mulsf3x.o)
                0x000056c8                __mulsf3x
                0x000056cc                __mulsf3_pse
 .text.libgcc.div
                0x00005776       0x44 c:/program files (x86)/atmel/studio/7.0/toolchain/avr8/avr8-gnu-toolchain/bin/../lib/gcc/avr/5.4.0/avr6\libgcc.a(_udivmodsi4.o)
                0x00005776                __udivmodsi4
 .text.libgcc   0x000057ba       0x10 c:/program files (x86)/atmel/studio/7.0/toolchain/avr8/avr8-gnu-toolchain/bin/../lib/gcc/avr/5.4.0/avr6\libgcc.a(_tablejump2.o)
                0x000057ba                __tablejump2__
 .text.avr-libc
                0x000057ca       0x34 c:/program files (x86)/atmel/studio/7.0/toolchain/avr8/avr8-gnu-toolchain/bin/../lib/gcc/avr/5.4.0/../../../../avr/lib/avr6\libc.a(calloc.o)
                0x000057ca                calloc
 .text.avr-libc
                0x000057fe      0x242 c:/program files (x86)/atmel/studio/7.0/toolchain/avr8/avr8-gnu-toolchain/bin/../lib/gcc/avr/5.4.0/../../../../avr/lib/avr6\libc.a(malloc.o)
                0x000057fe                malloc
                0x0000592e                free
 .text.avr-libc
                0x00005a40        0x8 c:/program files (x86)/atmel/studio/7.0/toolchain/avr8/avr8-gnu-toolchain/bin/../lib/gcc/avr/5.4.0/../../../../avr/lib/avr6\libc.a(abort.o)
                0x00005a40                abort
 .text.avr-libc
                0x00005a48       0x12 c:/program files (x86)/atmel/studio/7.0/toolchain/avr8/avr8-gnu-toolchain/bin/../lib/gcc/avr/5.4.0/../../../../avr/lib/avr6\libc.a(memcpy.o)
                0x00005a48                memcpy
 .text.avr-libc
                0x00005a5a        0xe c:/program files (x86)/atmel/studio/7.0/toolchain/avr8/avr8-gnu-toolchain/bin/../lib/gcc/avr/5.4.0/../../../../avr/lib/avr6\libc.a(memset.o)
                0x00005a5a                memset
 .text.avr-libc
                0x00005a68       0x4a c:/program files (x86)/atmel/studio/7.0/toolchain/avr8/avr8-gnu-toolchain/bin/../lib/gcc/avr/5.4.0/../../../../avr/lib/avr6\libc.a(strcasestr.o)
                0x00005a68                strcasestr
 .text.avr-libc
                0x00005ab2       0x16 c:/program files (x86)/atmel/studio/7.0/toolchain/avr8/avr8-gnu-toolchain/bin/../lib/gcc/avr/5.4.0/../../../../avr/lib/avr6\libc.a(strcat.o)
                0x00005ab2                strcat
 .text.avr-libc
                0x00005ac8        0xe c:/program files (x86)/atmel/studio/7.0/toolchain/avr8/avr8-gnu-toolchain/bin/../lib/gcc/avr/5.4.0/../../../../avr/lib/avr6\libc.a(strcpy.o)
                0x00005ac8                strcpy
 .text.avr-libc
                0x00005ad6       0x30 c:/program files (x86)/atmel/studio/7.0/toolchain/avr8/avr8-gnu-toolchain/bin/../lib/gcc/avr/5.4.0/../../../../avr/lib/avr6\libc.a(strncasecmp.o)
                0x00005ad6                strncasecmp
 .text.avr-libc
                0x00005b06       0x26 c:/program files (x86)/atmel/studio/7.0/toolchain/avr8/avr8-gnu-toolchain/bin/../lib/gcc/avr/5.4.0/../../../../avr/lib/avr6\libc.a(printf.o)
                0x00005b06                printf
 .text.avr-libc
                0x00005b2c       0x60 c:/program files (x86)/atmel/studio/7.0/toolchain/avr8/avr8-gnu-toolchain/bin/../lib/gcc/avr/5.4.0/../../../../avr/lib/avr6\libc.a(puts.o)
                0x00005b2c                puts
 .text.avr-libc
                0x00005b8c       0x5c c:/program files (x86)/atmel/studio/7.0/toolchain/avr8/avr8-gnu-toolchain/bin/../lib/gcc/avr/5.4.0/../../../../avr/lib/avr6\libc.a(sprintf.o)
                0x00005b8c                sprintf
 .text.avr-libc
                0x00005be8      0x3fa c:/program files (x86)/atmel/studio/7.0/toolchain/avr8/avr8-gnu-toolchain/bin/../lib/gcc/avr/5.4.0/../../../../avr/lib/avr6\libc.a(vfprintf_std.o)
                0x00005be8                vfprintf
 .text.avr-libc
                0x00005fe2       0x16 c:/program files (x86)/atmel/studio/7.0/toolchain/avr8/avr8-gnu-toolchain/bin/../lib/gcc/avr/5.4.0/../../../../avr/lib/avr6\libc.a(strnlen_P.o)
                0x00005fe2                strnlen_P
 .text.avr-libc
                0x00005ff8       0x16 c:/program files (x86)/atmel/studio/7.0/toolchain/avr8/avr8-gnu-toolchain/bin/../lib/gcc/avr/5.4.0/../../../../avr/lib/avr6\libc.a(strnlen.o)
                0x00005ff8                strnlen
 .text.avr-libc
                0x0000600e       0x78 c:/program files (x86)/atmel/studio/7.0/toolchain/avr8/avr8-gnu-toolchain/bin/../lib/gcc/avr/5.4.0/../../../../avr/lib/avr6\libc.a(fputc.o)
                0x0000600e                fputc
 .text.avr-libc
                0x00006086       0xbc c:/program files (x86)/atmel/studio/7.0/toolchain/avr8/avr8-gnu-toolchain/bin/../lib/gcc/avr/5.4.0/../../../../avr/lib/avr6\libc.a(ultoa_invert.o)
                0x00006086                __ultoa_invert
                0x00006142                . = ALIGN (0x2)
 *(.fini9)
 .fini9         0x00006142        0x0 c:/program files (x86)/atmel/studio/7.0/toolchain/avr8/avr8-gnu-toolchain/bin/../lib/gcc/avr/5.4.0/avr6\libgcc.a(_exit.o)
                0x00006142                _exit
                0x00006142                exit
 *(.fini9)
 *(.fini8)
 *(.fini8)
 *(.fini7)
 *(.fini7)
 *(.fini6)
 *(.fini6)
 *(.fini5)
 *(.fini5)
 *(.fini4)
 *(.fini4)
 *(.fini3)
 *(.fini3)
 *(.fini2)
 *(.fini2)
 *(.fini1)
 *(.fini1)
 *(.fini0)
 .fini0         0x00006142        0x4 c:/program files (x86)/atmel/studio/7.0/toolchain/avr8/avr8-gnu-toolchain/bin/../lib/gcc/avr/5.4.0/avr6\libgcc.a(_exit.o)
 *(.fini0)
                0x00006146                _etext = .

.data           0x00800200      0x838 load address 0x00006146
                0x00800200                PROVIDE (__data_start, .)
 *(.data)
 .data          0x00800200        0x6 c:/program files (x86)/atmel/studio/7.0/toolchain/avr8/avr8-gnu-toolchain/bin/../lib/gcc/avr/5.4.0/../../../../avr/lib/avr6\libc.a(malloc.o)
                0x00800200                __malloc_heap_end
                0x00800202                __malloc_heap_start
                0x00800204                __malloc_margin
 *(.data*)
 .data._temp    0x00800206        0x2 ../drivers\libIotLibrary.a(hih8120.o)
 .data._hum     0x00800208        0x2 ../drivers\libIotLibrary.a(hih8120.o)
 .data._com_port_2_udr
                0x0080020a        0x8 ../drivers\libIotLibrary.a(serial.o)
                0x0080020a                _com_port_2_udr
 .data.mystdout.1881
                0x00800212        0xe ../drivers\libIotLibrary.a(stdio_driver.o)
 .data._twiCurrentState
                0x00800220        0x1 ../drivers\libIotLibrary.a(twi.o)
 *(.gnu.linkonce.d*)
 *(.rodata)
 .rodata        0x00800221       0x20 ../drivers\libIotLibrary.a(lora_driver.o)
 .rodata        0x00800241       0x2d ../drivers\libIotLibrary.a(mh_z19.o)
 *(.rodata*)
 .rodata.str1.1
                0x0080026e      0x149 drivers/docs/example/loraWANHandler.o
 .rodata.str1.1
                0x008003b7      0x113 Source/Tasks/CO2.o
 .rodata.str1.1
                0x008004ca       0x2f Source/Tasks/Logging.o
                                 0x35 (size before relaxing)
 .rodata.str1.1
                0x008004f9      0x215 Source/Tasks/Temp_Hum.o
 .rodata.str1.1
                0x0080070e        0x5 FreeRTOS/src/tasks.o
 .rodata.str1.1
                0x00800713        0x8 FreeRTOS/src/timers.o
 .rodata.str1.1
                0x0080071b       0x49 main.o
 .rodata.str1.1
                0x00800764        0x8 ../drivers\libIotLibrary.a(led.o)
 .rodata.str1.1
                0x0080076c      0x295 ../drivers\libIotLibrary.a(lora_driver.o)
                                0x2a5 (size before relaxing)
 .rodata._join_mode
                0x00800a01        0x4 ../drivers\libIotLibrary.a(lora_driver.o)
 .rodata._return_code
                0x00800a05       0x33 ../drivers\libIotLibrary.a(lora_driver.o)
                0x00800a05                _return_code
 *(.gnu.linkonce.r*)
                0x00800a38                . = ALIGN (0x2)
                0x00800a38                _edata = .
                0x00800a38                PROVIDE (__data_end, .)

.bss            0x00800a38     0x1246
                0x00800a38                PROVIDE (__bss_start, .)
 *(.bss)
 *(.bss*)
 .bss._uplink_payload
                0x00800a38       0x16 drivers/docs/example/loraWANHandler.o
 .bss._out_buf  0x00800a4e       0x64 drivers/docs/example/loraWANHandler.o
 .bss.driverInitialized
                0x00800ab2        0x2 Source/Tasks/CO2.o
 .bss.xBlockAllocatedBit
                0x00800ab4        0x2 FreeRTOS/src/heap_4.o
 .bss.xMinimumEverFreeBytesRemaining
                0x00800ab6        0x2 FreeRTOS/src/heap_4.o
 .bss.xFreeBytesRemaining
                0x00800ab8        0x2 FreeRTOS/src/heap_4.o
 .bss.pxEnd     0x00800aba        0x2 FreeRTOS/src/heap_4.o
 .bss.xStart    0x00800abc        0x4 FreeRTOS/src/heap_4.o
 .bss.ucHeap    0x00800ac0      0xfa0 FreeRTOS/src/heap_4.o
 .bss.uxSchedulerSuspended
                0x00801a60        0x1 FreeRTOS/src/tasks.o
 .bss.xIdleTaskHandle
                0x00801a61        0x2 FreeRTOS/src/tasks.o
 .bss.xNextTaskUnblockTime
                0x00801a63        0x4 FreeRTOS/src/tasks.o
 .bss.uxTaskNumber
                0x00801a67        0x1 FreeRTOS/src/tasks.o
 .bss.xNumOfOverflows
                0x00801a68        0x1 FreeRTOS/src/tasks.o
 .bss.xYieldPending
                0x00801a69        0x1 FreeRTOS/src/tasks.o
 .bss.uxPendedTicks
                0x00801a6a        0x1 FreeRTOS/src/tasks.o
 .bss.xSchedulerRunning
                0x00801a6b        0x1 FreeRTOS/src/tasks.o
 .bss.uxTopReadyPriority
                0x00801a6c        0x1 FreeRTOS/src/tasks.o
 .bss.xTickCount
                0x00801a6d        0x4 FreeRTOS/src/tasks.o
 .bss.uxCurrentNumberOfTasks
                0x00801a71        0x1 FreeRTOS/src/tasks.o
 .bss.xSuspendedTaskList
                0x00801a72        0xb FreeRTOS/src/tasks.o
 .bss.uxDeletedTasksWaitingCleanUp
                0x00801a7d        0x1 FreeRTOS/src/tasks.o
 .bss.xTasksWaitingTermination
                0x00801a7e        0xb FreeRTOS/src/tasks.o
 .bss.xPendingReadyList
                0x00801a89        0xb FreeRTOS/src/tasks.o
 .bss.pxOverflowDelayedTaskList
                0x00801a94        0x2 FreeRTOS/src/tasks.o
 .bss.pxDelayedTaskList
                0x00801a96        0x2 FreeRTOS/src/tasks.o
 .bss.xDelayedTaskList2
                0x00801a98        0xb FreeRTOS/src/tasks.o
 .bss.xDelayedTaskList1
                0x00801aa3        0xb FreeRTOS/src/tasks.o
 .bss.pxReadyTasksLists
                0x00801aae       0x2c FreeRTOS/src/tasks.o
 .bss.pxCurrentTCB
                0x00801ada        0x2 FreeRTOS/src/tasks.o
                0x00801ada                pxCurrentTCB
 .bss.xLastTime.2432
                0x00801adc        0x4 FreeRTOS/src/timers.o
 .bss.xTimerTaskHandle
                0x00801ae0        0x2 FreeRTOS/src/timers.o
 .bss.xTimerQueue
                0x00801ae2        0x2 FreeRTOS/src/timers.o
 .bss.pxOverflowTimerList
                0x00801ae4        0x2 FreeRTOS/src/timers.o
 .bss.pxCurrentTimerList
                0x00801ae6        0x2 FreeRTOS/src/timers.o
 .bss.xActiveTimerList2
                0x00801ae8        0xb FreeRTOS/src/timers.o
 .bss.xActiveTimerList1
                0x00801af3        0xb FreeRTOS/src/timers.o
 .bss._measuringIsReady
                0x00801afe        0x1 ../drivers\libIotLibrary.a(hih8120.o)
 .bss._hih8120Handler
                0x00801aff        0x2 ../drivers\libIotLibrary.a(hih8120.o)
 .bss._led_status
                0x00801b01       0x18 ../drivers\libIotLibrary.a(led.o)
 .bss._tmp_buf.2940
                0x00801b19       0x64 ../drivers\libIotLibrary.a(lora_driver.o)
 .bss.rec_buf_inp.2947
                0x00801b7d        0x1 ../drivers\libIotLibrary.a(lora_driver.o)
 .bss._downlinkMessageBuffer
                0x00801b7e        0x2 ../drivers\libIotLibrary.a(lora_driver.o)
 .bss._serial_reply_buffer_handle
                0x00801b80        0x2 ../drivers\libIotLibrary.a(lora_driver.o)
 .bss._rn2483_serial
                0x00801b82        0x2 ../drivers\libIotLibrary.a(lora_driver.o)
 .bss._downlink_payload
                0x00801b84       0x16 ../drivers\libIotLibrary.a(lora_driver.o)
 .bss._pay_load_hex_bytes
                0x00801b9a       0x15 ../drivers\libIotLibrary.a(lora_driver.o)
 .bss._rec_message_buf
                0x00801baf       0x2d ../drivers\libIotLibrary.a(lora_driver.o)
 .bss._send_message
                0x00801bdc       0x2d ../drivers\libIotLibrary.a(lora_driver.o)
 .bss._reply_mess
                0x00801c09       0x2d ../drivers\libIotLibrary.a(lora_driver.o)
 .bss.data.1940
                0x00801c36        0x2 ../drivers\libIotLibrary.a(mh_z19.o)
 .bss.inDex.1939
                0x00801c38        0x1 ../drivers\libIotLibrary.a(mh_z19.o)
 .bss.crc_sum.1941
                0x00801c39        0x1 ../drivers\libIotLibrary.a(mh_z19.o)
 .bss._app_call_back
                0x00801c3a        0x2 ../drivers\libIotLibrary.a(mh_z19.o)
 .bss._mh_state
                0x00801c3c        0x1 ../drivers\libIotLibrary.a(mh_z19.o)
                0x00801c3c                _mh_state
 .bss._ppm      0x00801c3d        0x2 ../drivers\libIotLibrary.a(mh_z19.o)
 .bss._serial   0x00801c3f        0x2 ../drivers\libIotLibrary.a(mh_z19.o)
 .bss._ser_handle
                0x00801c41        0x8 ../drivers\libIotLibrary.a(serial.o)
 .bss._com_serial_instance
                0x00801c49        0x2 ../drivers\libIotLibrary.a(stdio_driver.o)
 .bss._index.1885
                0x00801c4b        0x1 ../drivers\libIotLibrary.a(twi.o)
 .bss._twiCurrentHandler
                0x00801c4c        0x2 ../drivers\libIotLibrary.a(twi.o)
 .bss._twiMessageLen
                0x00801c4e        0x1 ../drivers\libIotLibrary.a(twi.o)
 .bss._twiMessageBuffer
                0x00801c4f        0xa ../drivers\libIotLibrary.a(twi.o)
 .bss._twiIsInitiated
                0x00801c59        0x1 ../drivers\libIotLibrary.a(twi.o)
 *(COMMON)
 COMMON         0x00801c5a        0x2 Source/Tasks/Logging.o
                0x00801c5a                semaphoreMutex
 COMMON         0x00801c5c        0x2 main.o
                0x00801c5c                xTestSemaphore
 COMMON         0x00801c5e       0x16 ../drivers\libIotLibrary.a(hal.o)
                0x00801c5e                register_access
 COMMON         0x00801c74        0x4 c:/program files (x86)/atmel/studio/7.0/toolchain/avr8/avr8-gnu-toolchain/bin/../lib/gcc/avr/5.4.0/../../../../avr/lib/avr6\libc.a(malloc.o)
                0x00801c74                __brkval
                0x00801c76                __flp
 COMMON         0x00801c78        0x6 c:/program files (x86)/atmel/studio/7.0/toolchain/avr8/avr8-gnu-toolchain/bin/../lib/gcc/avr/5.4.0/../../../../avr/lib/avr6\libc.a(iob.o)
                0x00801c78                __iob
                0x00801c7e                PROVIDE (__bss_end, .)
                0x00006146                __data_load_start = LOADADDR (.data)
                0x0000697e                __data_load_end = (__data_load_start + SIZEOF (.data))

.noinit         0x00801c7e        0x0
                [!provide]                PROVIDE (__noinit_start, .)
 *(.noinit*)
                [!provide]                PROVIDE (__noinit_end, .)
                0x00801c7e                _end = .
                0x00801c7e                PROVIDE (__heap_start, .)

.eeprom         0x00810000        0x0
 *(.eeprom*)
                0x00810000                __eeprom_end = .

.fuse
 *(.fuse)
 *(.lfuse)
 *(.hfuse)
 *(.efuse)

.lock
 *(.lock*)

.signature
 *(.signature*)

.user_signatures
 *(.user_signatures*)

.stab
 *(.stab)

.stabstr
 *(.stabstr)

.stab.excl
 *(.stab.excl)

.stab.exclstr
 *(.stab.exclstr)

.stab.index
 *(.stab.index)

.stab.indexstr
 *(.stab.indexstr)

.comment        0x00000000       0x5c
 *(.comment)
 .comment       0x00000000       0x30 drivers/docs/example/loraWANHandler.o
                                 0x31 (size before relaxing)
 .comment       0x00000030       0x31 Source/Tasks/CO2.o
 .comment       0x00000030       0x31 Source/Tasks/Logging.o
 .comment       0x00000030       0x31 Source/Tasks/Sound.o
 .comment       0x00000030       0x31 Source/Tasks/Temp_Hum.o
 .comment       0x00000030       0x31 FreeRTOS/FreeRTOSTraceDriver/FreeRTOSTraceDriver.o
 .comment       0x00000030       0x31 FreeRTOS/src/event_groups.o
 .comment       0x00000030       0x31 FreeRTOS/src/heap_4.o
 .comment       0x00000030       0x31 FreeRTOS/src/list.o
 .comment       0x00000030       0x31 FreeRTOS/src/port.o
 .comment       0x00000030       0x31 FreeRTOS/src/queue.o
 .comment       0x00000030       0x31 FreeRTOS/src/stream_buffer.o
 .comment       0x00000030       0x31 FreeRTOS/src/tasks.o
 .comment       0x00000030       0x31 FreeRTOS/src/timers.o
 .comment       0x00000030       0x31 FreeRTOS/src/variantHooks.o
 .comment       0x00000030       0x31 main.o
 .comment       0x00000030       0x31 ../drivers\libIotLibrary.a(hal.o)
 .comment       0x00000030       0x31 ../drivers\libIotLibrary.a(hih8120.o)
 .comment       0x00000030       0x31 ../drivers\libIotLibrary.a(led.o)
 .comment       0x00000030       0x31 ../drivers\libIotLibrary.a(lora_driver.o)
 .comment       0x00000030       0x31 ../drivers\libIotLibrary.a(lora_driver_utils.o)
 .comment       0x00000030       0x31 ../drivers\libIotLibrary.a(mega_register_access.o)
 .comment       0x00000030       0x31 ../drivers\libIotLibrary.a(mh_z19.o)
 .comment       0x00000030       0x31 ../drivers\libIotLibrary.a(serial.o)
 .comment       0x00000030       0x31 ../drivers\libIotLibrary.a(stdio_driver.o)
 .comment       0x00000030       0x31 ../drivers\libIotLibrary.a(twi.o)
 .comment       0x00000030       0x31 ../drivers\libIotLibrary.a(fifo.o)
 .comment       0x00000030       0x31 c:/program files (x86)/atmel/studio/7.0/toolchain/avr8/avr8-gnu-toolchain/bin/../lib/gcc/avr/5.4.0/../../../../avr/lib/avr6\libc.a(calloc.o)
 .comment       0x00000030       0x31 c:/program files (x86)/atmel/studio/7.0/toolchain/avr8/avr8-gnu-toolchain/bin/../lib/gcc/avr/5.4.0/../../../../avr/lib/avr6\libc.a(malloc.o)
 .comment       0x00000030       0x31 c:/program files (x86)/atmel/studio/7.0/toolchain/avr8/avr8-gnu-toolchain/bin/../lib/gcc/avr/5.4.0/../../../../avr/lib/avr6\libc.a(iob.o)
 .comment       0x00000030       0x31 c:/program files (x86)/atmel/studio/7.0/toolchain/avr8/avr8-gnu-toolchain/bin/../lib/gcc/avr/5.4.0/../../../../avr/lib/avr6\libc.a(printf.o)
 .comment       0x00000030       0x31 c:/program files (x86)/atmel/studio/7.0/toolchain/avr8/avr8-gnu-toolchain/bin/../lib/gcc/avr/5.4.0/../../../../avr/lib/avr6\libc.a(puts.o)
 .comment       0x00000030       0x31 c:/program files (x86)/atmel/studio/7.0/toolchain/avr8/avr8-gnu-toolchain/bin/../lib/gcc/avr/5.4.0/../../../../avr/lib/avr6\libc.a(sprintf.o)
 .comment       0x00000030       0x2c c:/program files (x86)/atmel/studio/7.0/toolchain/avr8/avr8-gnu-toolchain/bin/../lib/gcc/avr/5.4.0/../../../../avr/lib/avr6\libc.a(vfprintf_std.o)
                                 0x2d (size before relaxing)
 .comment       0x0000005c       0x31 c:/program files (x86)/atmel/studio/7.0/toolchain/avr8/avr8-gnu-toolchain/bin/../lib/gcc/avr/5.4.0/../../../../avr/lib/avr6\libc.a(fputc.o)

.note.gnu.avr.deviceinfo
                0x00000000       0x40
 .note.gnu.avr.deviceinfo
                0x00000000       0x40 C:/Program Files (x86)/Atmel/Studio/7.0/Packs/atmel/ATmega_DFP/1.3.300/gcc/dev/atmega2560/avr6/crtatmega2560.o

.note.gnu.build-id
 *(.note.gnu.build-id)

.debug
 *(.debug)

.line
 *(.line)

.debug_srcinfo
 *(.debug_srcinfo)

.debug_sfnames
 *(.debug_sfnames)

.debug_aranges  0x00000000      0xb90
 *(.debug_aranges)
 .debug_aranges
                0x00000000       0x28 drivers/docs/example/loraWANHandler.o
 .debug_aranges
                0x00000028       0x38 Source/Tasks/CO2.o
 .debug_aranges
                0x00000060       0x48 Source/Tasks/Logging.o
 .debug_aranges
                0x000000a8       0x38 Source/Tasks/Sound.o
 .debug_aranges
                0x000000e0       0x50 Source/Tasks/Temp_Hum.o
 .debug_aranges
                0x00000130       0x30 FreeRTOS/FreeRTOSTraceDriver/FreeRTOSTraceDriver.o
 .debug_aranges
                0x00000160       0x70 FreeRTOS/src/event_groups.o
 .debug_aranges
                0x000001d0       0x48 FreeRTOS/src/heap_4.o
 .debug_aranges
                0x00000218       0x40 FreeRTOS/src/list.o
 .debug_aranges
                0x00000258       0x48 FreeRTOS/src/port.o
 .debug_aranges
                0x000002a0       0xf8 FreeRTOS/src/queue.o
 .debug_aranges
                0x00000398       0xc8 FreeRTOS/src/stream_buffer.o
 .debug_aranges
                0x00000460      0x1d8 FreeRTOS/src/tasks.o
 .debug_aranges
                0x00000638       0xa0 FreeRTOS/src/timers.o
 .debug_aranges
                0x000006d8       0x30 FreeRTOS/src/variantHooks.o
 .debug_aranges
                0x00000708       0x40 main.o
 .debug_aranges
                0x00000748       0x20 ../drivers\libIotLibrary.a(hal.o)
 .debug_aranges
                0x00000768       0x68 ../drivers\libIotLibrary.a(hih8120.o)
 .debug_aranges
                0x000007d0       0x68 ../drivers\libIotLibrary.a(led.o)
 .debug_aranges
                0x00000838      0x138 ../drivers\libIotLibrary.a(lora_driver.o)
 .debug_aranges
                0x00000970       0x28 ../drivers\libIotLibrary.a(lora_driver_utils.o)
 .debug_aranges
                0x00000998       0x70 ../drivers\libIotLibrary.a(mega_register_access.o)
 .debug_aranges
                0x00000a08       0x50 ../drivers\libIotLibrary.a(mh_z19.o)
 .debug_aranges
                0x00000a58       0x90 ../drivers\libIotLibrary.a(serial.o)
 .debug_aranges
                0x00000ae8       0x38 ../drivers\libIotLibrary.a(stdio_driver.o)
 .debug_aranges
                0x00000b20       0x50 ../drivers\libIotLibrary.a(twi.o)
 .debug_aranges
                0x00000b70       0x20 ../drivers\libIotLibrary.a(fifo.o)

.debug_pubnames
 *(.debug_pubnames)

.debug_info     0x00000000     0xf33a
 *(.debug_info .gnu.linkonce.wi.*)
 .debug_info    0x00000000      0xbbc C:/Program Files (x86)/Atmel/Studio/7.0/Packs/atmel/ATmega_DFP/1.3.300/gcc/dev/atmega2560/avr6/crtatmega2560.o
 .debug_info    0x00000bbc      0x7a8 drivers/docs/example/loraWANHandler.o
 .debug_info    0x00001364      0x502 Source/Tasks/CO2.o
 .debug_info    0x00001866      0x5bb Source/Tasks/Logging.o
 .debug_info    0x00001e21      0x3e5 Source/Tasks/Sound.o
 .debug_info    0x00002206      0x6cb Source/Tasks/Temp_Hum.o
 .debug_info    0x000028d1       0xd3 FreeRTOS/FreeRTOSTraceDriver/FreeRTOSTraceDriver.o
 .debug_info    0x000029a4      0x9ee FreeRTOS/src/event_groups.o
 .debug_info    0x00003392      0x3d4 FreeRTOS/src/heap_4.o
 .debug_info    0x00003766      0x2dc FreeRTOS/src/list.o
 .debug_info    0x00003a42      0x284 FreeRTOS/src/port.o
 .debug_info    0x00003cc6     0x1910 FreeRTOS/src/queue.o
 .debug_info    0x000055d6     0x14b4 FreeRTOS/src/stream_buffer.o
 .debug_info    0x00006a8a     0x27fd FreeRTOS/src/tasks.o
 .debug_info    0x00009287     0x1115 FreeRTOS/src/timers.o
 .debug_info    0x0000a39c      0x1ba FreeRTOS/src/variantHooks.o
 .debug_info    0x0000a556      0x6e5 main.o
 .debug_info    0x0000ac3b      0x20d ../drivers\libIotLibrary.a(hal.o)
 .debug_info    0x0000ae48      0x3a9 ../drivers\libIotLibrary.a(hih8120.o)
 .debug_info    0x0000b1f1      0x6d5 ../drivers\libIotLibrary.a(led.o)
 .debug_info    0x0000b8c6     0x18a9 ../drivers\libIotLibrary.a(lora_driver.o)
 .debug_info    0x0000d16f      0x143 ../drivers\libIotLibrary.a(lora_driver_utils.o)
 .debug_info    0x0000d2b2      0x2e1 ../drivers\libIotLibrary.a(mega_register_access.o)
 .debug_info    0x0000d593      0x538 ../drivers\libIotLibrary.a(mh_z19.o)
 .debug_info    0x0000dacb      0xdb3 ../drivers\libIotLibrary.a(serial.o)
 .debug_info    0x0000e87e      0x39c ../drivers\libIotLibrary.a(stdio_driver.o)
 .debug_info    0x0000ec1a      0x55d ../drivers\libIotLibrary.a(twi.o)
 .debug_info    0x0000f177      0x1c3 ../drivers\libIotLibrary.a(fifo.o)

.debug_abbrev   0x00000000     0x3d3a
 *(.debug_abbrev)
 .debug_abbrev  0x00000000      0xb1a C:/Program Files (x86)/Atmel/Studio/7.0/Packs/atmel/ATmega_DFP/1.3.300/gcc/dev/atmega2560/avr6/crtatmega2560.o
 .debug_abbrev  0x00000b1a      0x1ca drivers/docs/example/loraWANHandler.o
 .debug_abbrev  0x00000ce4      0x1ae Source/Tasks/CO2.o
 .debug_abbrev  0x00000e92      0x167 Source/Tasks/Logging.o
 .debug_abbrev  0x00000ff9      0x1a1 Source/Tasks/Sound.o
 .debug_abbrev  0x0000119a      0x1c8 Source/Tasks/Temp_Hum.o
 .debug_abbrev  0x00001362       0x92 FreeRTOS/FreeRTOSTraceDriver/FreeRTOSTraceDriver.o
 .debug_abbrev  0x000013f4      0x21b FreeRTOS/src/event_groups.o
 .debug_abbrev  0x0000160f      0x224 FreeRTOS/src/heap_4.o
 .debug_abbrev  0x00001833       0xff FreeRTOS/src/list.o
 .debug_abbrev  0x00001932      0x158 FreeRTOS/src/port.o
 .debug_abbrev  0x00001a8a      0x2d8 FreeRTOS/src/queue.o
 .debug_abbrev  0x00001d62      0x2b4 FreeRTOS/src/stream_buffer.o
 .debug_abbrev  0x00002016      0x359 FreeRTOS/src/tasks.o
 .debug_abbrev  0x0000236f      0x2f5 FreeRTOS/src/timers.o
 .debug_abbrev  0x00002664      0x101 FreeRTOS/src/variantHooks.o
 .debug_abbrev  0x00002765      0x1e5 main.o
 .debug_abbrev  0x0000294a       0xff ../drivers\libIotLibrary.a(hal.o)
 .debug_abbrev  0x00002a49      0x184 ../drivers\libIotLibrary.a(hih8120.o)
 .debug_abbrev  0x00002bcd      0x228 ../drivers\libIotLibrary.a(led.o)
 .debug_abbrev  0x00002df5      0x382 ../drivers\libIotLibrary.a(lora_driver.o)
 .debug_abbrev  0x00003177       0xc0 ../drivers\libIotLibrary.a(lora_driver_utils.o)
 .debug_abbrev  0x00003237       0xd3 ../drivers\libIotLibrary.a(mega_register_access.o)
 .debug_abbrev  0x0000330a      0x20f ../drivers\libIotLibrary.a(mh_z19.o)
 .debug_abbrev  0x00003519      0x364 ../drivers\libIotLibrary.a(serial.o)
 .debug_abbrev  0x0000387d      0x1be ../drivers\libIotLibrary.a(stdio_driver.o)
 .debug_abbrev  0x00003a3b      0x217 ../drivers\libIotLibrary.a(twi.o)
 .debug_abbrev  0x00003c52       0xe8 ../drivers\libIotLibrary.a(fifo.o)

.debug_line     0x00000000     0x7047
 *(.debug_line .debug_line.* .debug_line_end)
 .debug_line    0x00000000      0x1f9 C:/Program Files (x86)/Atmel/Studio/7.0/Packs/atmel/ATmega_DFP/1.3.300/gcc/dev/atmega2560/avr6/crtatmega2560.o
 .debug_line    0x000001f9      0x276 drivers/docs/example/loraWANHandler.o
 .debug_line    0x0000046f      0x219 Source/Tasks/CO2.o
 .debug_line    0x00000688      0x1ef Source/Tasks/Logging.o
 .debug_line    0x00000877      0x1b9 Source/Tasks/Sound.o
 .debug_line    0x00000a30      0x355 Source/Tasks/Temp_Hum.o
 .debug_line    0x00000d85       0xfd FreeRTOS/FreeRTOSTraceDriver/FreeRTOSTraceDriver.o
 .debug_line    0x00000e82      0x3ed FreeRTOS/src/event_groups.o
 .debug_line    0x0000126f      0x318 FreeRTOS/src/heap_4.o
 .debug_line    0x00001587      0x1da FreeRTOS/src/list.o
 .debug_line    0x00001761      0x312 FreeRTOS/src/port.o
 .debug_line    0x00001a73      0xbfa FreeRTOS/src/queue.o
 .debug_line    0x0000266d      0x7a4 FreeRTOS/src/stream_buffer.o
 .debug_line    0x00002e11     0x1668 FreeRTOS/src/tasks.o
 .debug_line    0x00004479      0x563 FreeRTOS/src/timers.o
 .debug_line    0x000049dc      0x18a FreeRTOS/src/variantHooks.o
 .debug_line    0x00004b66      0x32e main.o
 .debug_line    0x00004e94       0xff ../drivers\libIotLibrary.a(hal.o)
 .debug_line    0x00004f93      0x246 ../drivers\libIotLibrary.a(hih8120.o)
 .debug_line    0x000051d9      0x31b ../drivers\libIotLibrary.a(led.o)
 .debug_line    0x000054f4      0x9ab ../drivers\libIotLibrary.a(lora_driver.o)
 .debug_line    0x00005e9f      0x194 ../drivers\libIotLibrary.a(lora_driver_utils.o)
 .debug_line    0x00006033      0x1af ../drivers\libIotLibrary.a(mega_register_access.o)
 .debug_line    0x000061e2      0x2d6 ../drivers\libIotLibrary.a(mh_z19.o)
 .debug_line    0x000064b8      0x636 ../drivers\libIotLibrary.a(serial.o)
 .debug_line    0x00006aee      0x13a ../drivers\libIotLibrary.a(stdio_driver.o)
 .debug_line    0x00006c28      0x306 ../drivers\libIotLibrary.a(twi.o)
 .debug_line    0x00006f2e      0x119 ../drivers\libIotLibrary.a(fifo.o)

.debug_frame    0x00000000     0x2754
 *(.debug_frame)
 .debug_frame   0x00000000       0x54 drivers/docs/example/loraWANHandler.o
 .debug_frame   0x00000054       0x60 Source/Tasks/CO2.o
 .debug_frame   0x000000b4      0x168 Source/Tasks/Logging.o
 .debug_frame   0x0000021c       0x60 Source/Tasks/Sound.o
 .debug_frame   0x0000027c       0xd0 Source/Tasks/Temp_Hum.o
 .debug_frame   0x0000034c       0x44 FreeRTOS/FreeRTOSTraceDriver/FreeRTOSTraceDriver.o
 .debug_frame   0x00000390      0x1ec FreeRTOS/src/event_groups.o
 .debug_frame   0x0000057c       0xb4 FreeRTOS/src/heap_4.o
 .debug_frame   0x00000630       0x90 FreeRTOS/src/list.o
 .debug_frame   0x000006c0       0x74 FreeRTOS/src/port.o
 .debug_frame   0x00000734      0x3d8 FreeRTOS/src/queue.o
 .debug_frame   0x00000b0c      0x3dc FreeRTOS/src/stream_buffer.o
 .debug_frame   0x00000ee8      0x75c FreeRTOS/src/tasks.o
 .debug_frame   0x00001644      0x248 FreeRTOS/src/timers.o
 .debug_frame   0x0000188c       0x44 FreeRTOS/src/variantHooks.o
 .debug_frame   0x000018d0       0xc8 main.o
 .debug_frame   0x00001998       0x24 ../drivers\libIotLibrary.a(hal.o)
 .debug_frame   0x000019bc       0xc0 ../drivers\libIotLibrary.a(hih8120.o)
 .debug_frame   0x00001a7c      0x11c ../drivers\libIotLibrary.a(led.o)
 .debug_frame   0x00001b98      0x460 ../drivers\libIotLibrary.a(lora_driver.o)
 .debug_frame   0x00001ff8       0x48 ../drivers\libIotLibrary.a(lora_driver_utils.o)
 .debug_frame   0x00002040       0xc4 ../drivers\libIotLibrary.a(mega_register_access.o)
 .debug_frame   0x00002104       0xf8 ../drivers\libIotLibrary.a(mh_z19.o)
 .debug_frame   0x000021fc      0x384 ../drivers\libIotLibrary.a(serial.o)
 .debug_frame   0x00002580       0x84 ../drivers\libIotLibrary.a(stdio_driver.o)
 .debug_frame   0x00002604      0x12c ../drivers\libIotLibrary.a(twi.o)
 .debug_frame   0x00002730       0x24 ../drivers\libIotLibrary.a(fifo.o)

.debug_str      0x00000000     0x449c
 *(.debug_str)
 .debug_str     0x00000000      0x3e6 C:/Program Files (x86)/Atmel/Studio/7.0/Packs/atmel/ATmega_DFP/1.3.300/gcc/dev/atmega2560/avr6/crtatmega2560.o
 .debug_str     0x000003e6      0x617 drivers/docs/example/loraWANHandler.o
                                0x67a (size before relaxing)
 .debug_str     0x000009fd      0x206 Source/Tasks/CO2.o
                                0x3c1 (size before relaxing)
 .debug_str     0x00000c03      0x139 Source/Tasks/Logging.o
                                0x32b (size before relaxing)
 .debug_str     0x00000d3c       0x57 Source/Tasks/Sound.o
                                0x2ea (size before relaxing)
 .debug_str     0x00000d93      0x17e Source/Tasks/Temp_Hum.o
                                0x40e (size before relaxing)
 .debug_str     0x00000f11       0x68 FreeRTOS/FreeRTOSTraceDriver/FreeRTOSTraceDriver.o
                                0x1dd (size before relaxing)
 .debug_str     0x00000f79      0x38d FreeRTOS/src/event_groups.o
                                0x5e7 (size before relaxing)
 .debug_str     0x00001306      0x1e4 FreeRTOS/src/heap_4.o
                                0x39d (size before relaxing)
 .debug_str     0x000014ea       0x89 FreeRTOS/src/list.o
                                0x2da (size before relaxing)
 .debug_str     0x00001573      0x118 FreeRTOS/src/port.o
                                0x2c7 (size before relaxing)
 .debug_str     0x0000168b      0x673 FreeRTOS/src/queue.o
                                0x9d0 (size before relaxing)
 .debug_str     0x00001cfe      0x541 FreeRTOS/src/stream_buffer.o
                                0x836 (size before relaxing)
 .debug_str     0x0000223f      0xa78 FreeRTOS/src/tasks.o
                               0x117b (size before relaxing)
 .debug_str     0x00002cb7      0x43f FreeRTOS/src/timers.o
                                0x868 (size before relaxing)
 .debug_str     0x000030f6       0x61 FreeRTOS/src/variantHooks.o
                                0x26e (size before relaxing)
 .debug_str     0x00003157       0xb6 main.o
                                0x4a3 (size before relaxing)
 .debug_str     0x0000320d       0xc3 ../drivers\libIotLibrary.a(hal.o)
                                0x278 (size before relaxing)
 .debug_str     0x000032d0      0x1d1 ../drivers\libIotLibrary.a(hih8120.o)
                                0x44a (size before relaxing)
 .debug_str     0x000034a1       0xd1 ../drivers\libIotLibrary.a(led.o)
                                0x3cd (size before relaxing)
 .debug_str     0x00003572      0x690 ../drivers\libIotLibrary.a(lora_driver.o)
                                0xd8f (size before relaxing)
 .debug_str     0x00003c02       0x46 ../drivers\libIotLibrary.a(lora_driver_utils.o)
                                0x205 (size before relaxing)
 .debug_str     0x00003c48       0xdf ../drivers\libIotLibrary.a(mega_register_access.o)
                                0x252 (size before relaxing)
 .debug_str     0x00003d27       0xfa ../drivers\libIotLibrary.a(mh_z19.o)
                                0x47a (size before relaxing)
 .debug_str     0x00003e21      0x2de ../drivers\libIotLibrary.a(serial.o)
                                0x639 (size before relaxing)
 .debug_str     0x000040ff       0xa4 ../drivers\libIotLibrary.a(stdio_driver.o)
                                0x378 (size before relaxing)
 .debug_str     0x000041a3      0x2d9 ../drivers\libIotLibrary.a(twi.o)
                                0x5a8 (size before relaxing)
 .debug_str     0x0000447c       0x20 ../drivers\libIotLibrary.a(fifo.o)
                                0x237 (size before relaxing)

.debug_loc      0x00000000     0xd39f
 *(.debug_loc)
 .debug_loc     0x00000000      0x1bd drivers/docs/example/loraWANHandler.o
 .debug_loc     0x000001bd      0x108 Source/Tasks/CO2.o
 .debug_loc     0x000002c5      0x696 Source/Tasks/Logging.o
 .debug_loc     0x0000095b       0xe7 Source/Tasks/Sound.o
 .debug_loc     0x00000a42      0x289 Source/Tasks/Temp_Hum.o
 .debug_loc     0x00000ccb       0x42 FreeRTOS/FreeRTOSTraceDriver/FreeRTOSTraceDriver.o
 .debug_loc     0x00000d0d      0xead FreeRTOS/src/event_groups.o
 .debug_loc     0x00001bba      0x331 FreeRTOS/src/heap_4.o
 .debug_loc     0x00001eeb      0x17d FreeRTOS/src/list.o
 .debug_loc     0x00002068      0x2af FreeRTOS/src/port.o
 .debug_loc     0x00002317     0x1c21 FreeRTOS/src/queue.o
 .debug_loc     0x00003f38     0x1db1 FreeRTOS/src/stream_buffer.o
 .debug_loc     0x00005ce9     0x3168 FreeRTOS/src/tasks.o
 .debug_loc     0x00008e51      0xcf7 FreeRTOS/src/timers.o
 .debug_loc     0x00009b48       0xb6 FreeRTOS/src/variantHooks.o
 .debug_loc     0x00009bfe      0x211 main.o
 .debug_loc     0x00009e0f       0x2c ../drivers\libIotLibrary.a(hal.o)
 .debug_loc     0x00009e3b       0x9f ../drivers\libIotLibrary.a(hih8120.o)
 .debug_loc     0x00009eda      0x390 ../drivers\libIotLibrary.a(led.o)
 .debug_loc     0x0000a26a     0x1216 ../drivers\libIotLibrary.a(lora_driver.o)
 .debug_loc     0x0000b480      0x1d2 ../drivers\libIotLibrary.a(lora_driver_utils.o)
 .debug_loc     0x0000b652       0xe9 ../drivers\libIotLibrary.a(mega_register_access.o)
 .debug_loc     0x0000b73b      0x3cd ../drivers\libIotLibrary.a(mh_z19.o)
 .debug_loc     0x0000bb08     0x1080 ../drivers\libIotLibrary.a(serial.o)
 .debug_loc     0x0000cb88      0x144 ../drivers\libIotLibrary.a(stdio_driver.o)
 .debug_loc     0x0000cccc      0x575 ../drivers\libIotLibrary.a(twi.o)
 .debug_loc     0x0000d241      0x15e ../drivers\libIotLibrary.a(fifo.o)

.debug_macinfo
 *(.debug_macinfo)

.debug_weaknames
 *(.debug_weaknames)

.debug_funcnames
 *(.debug_funcnames)

.debug_typenames
 *(.debug_typenames)

.debug_varnames
 *(.debug_varnames)

.debug_pubtypes
 *(.debug_pubtypes)

.debug_ranges   0x00000000      0xbb8
 *(.debug_ranges)
 .debug_ranges  0x00000000       0x48 drivers/docs/example/loraWANHandler.o
 .debug_ranges  0x00000048       0x28 Source/Tasks/CO2.o
 .debug_ranges  0x00000070       0x38 Source/Tasks/Logging.o
 .debug_ranges  0x000000a8       0x28 Source/Tasks/Sound.o
 .debug_ranges  0x000000d0       0x40 Source/Tasks/Temp_Hum.o
 .debug_ranges  0x00000110       0x20 FreeRTOS/FreeRTOSTraceDriver/FreeRTOSTraceDriver.o
 .debug_ranges  0x00000130       0x78 FreeRTOS/src/event_groups.o
 .debug_ranges  0x000001a8       0x38 FreeRTOS/src/heap_4.o
 .debug_ranges  0x000001e0       0x30 FreeRTOS/src/list.o
 .debug_ranges  0x00000210       0x38 FreeRTOS/src/port.o
 .debug_ranges  0x00000248      0x178 FreeRTOS/src/queue.o
 .debug_ranges  0x000003c0       0xb8 FreeRTOS/src/stream_buffer.o
 .debug_ranges  0x00000478      0x240 FreeRTOS/src/tasks.o
 .debug_ranges  0x000006b8       0xe8 FreeRTOS/src/timers.o
 .debug_ranges  0x000007a0       0x20 FreeRTOS/src/variantHooks.o
 .debug_ranges  0x000007c0       0x30 main.o
 .debug_ranges  0x000007f0       0x10 ../drivers\libIotLibrary.a(hal.o)
 .debug_ranges  0x00000800       0x58 ../drivers\libIotLibrary.a(hih8120.o)
 .debug_ranges  0x00000858       0x58 ../drivers\libIotLibrary.a(led.o)
 .debug_ranges  0x000008b0      0x128 ../drivers\libIotLibrary.a(lora_driver.o)
 .debug_ranges  0x000009d8       0x30 ../drivers\libIotLibrary.a(lora_driver_utils.o)
 .debug_ranges  0x00000a08       0x60 ../drivers\libIotLibrary.a(mega_register_access.o)
 .debug_ranges  0x00000a68       0x40 ../drivers\libIotLibrary.a(mh_z19.o)
 .debug_ranges  0x00000aa8       0x98 ../drivers\libIotLibrary.a(serial.o)
 .debug_ranges  0x00000b40       0x28 ../drivers\libIotLibrary.a(stdio_driver.o)
 .debug_ranges  0x00000b68       0x40 ../drivers\libIotLibrary.a(twi.o)
 .debug_ranges  0x00000ba8       0x10 ../drivers\libIotLibrary.a(fifo.o)

.debug_macro
 *(.debug_macro)
OUTPUT(SEP4Embd.elf elf32-avr)
LOAD linker stubs
